2026-04-08 21:01:48 Disk usage is within recommended threshold: 33%
2026-04-08 21:01:48 Memory usage is within recommended threshold: 15%
2026-04-08 21:01:48 CPU usage is within recommended threshold: 17%
2026-04-08 21:01:50 Network connectivity is poor.
2026-04-08 21:01:50 The number of processes running is within normal limits: 24
2026-04-08 21:02:18 Disk usage is within recommended threshold: 33%
2026-04-08 21:02:18 Memory usage is within recommended threshold: 15%
2026-04-08 21:02:18 CPU usage is within recommended threshold: 10%
2026-04-08 21:02:20 Network connectivity is poor.
2026-04-08 21:02:20 The number of processes running is within normal limits: 21
2026-04-12 19:17:57 Disk usage is within recommended threshold: 33%
2026-04-12 19:17:57 Memory usage is within recommended threshold: 13%
2026-04-12 19:17:57 CPU usage is within recommended threshold: 12%
2026-04-12 19:17:59 Network connectivity is poor.
2026-04-12 19:17:59 The number of processes running is within normal limits: 21
2026-04-12 23:22:19 Disk usage is within recommended threshold: 33%
2026-04-12 23:22:19 Memory usage is within recommended threshold: 15%
2026-04-12 23:22:20 CPU usage is within recommended threshold: 8%
2026-04-12 23:22:22 Network connectivity is poor.
2026-04-12 23:22:22 Process sshd is running.
2026-04-12 23:22:22 Process nginx is not running.
2026-04-12 23:22:22 Process mysql is not running.
2026-04-12 23:23:10 Disk usage is within recommended threshold: 33%
2026-04-12 23:23:10 Memory usage is within recommended threshold: 15%
2026-04-12 23:23:10 CPU usage is within recommended threshold: 15%
2026-04-12 23:23:12 Network connectivity is poor.
2026-04-12 23:23:12 Process sshd is running.
2026-04-12 23:23:12 Process systemd is not running.
2026-04-12 23:23:12 Process apache2 is not running.
2026-04-13 00:10:18 Disk usage is within recommended threshold: 33%
2026-04-13 00:10:18 Memory usage is within recommended threshold: 15%
2026-04-13 00:10:18 CPU usage is within recommended threshold: 10%
2026-04-13 00:10:20 Network connectivity is poor.
2026-04-13 00:10:20 Process sshd is running.
2026-04-13 00:10:20 Process docker-init is running.
2026-04-13 00:10:20 Process dockerd is running.
2026-04-13 00:30:34 Disk usage is within recommended threshold: 33%
2026-04-13 00:30:34 Memory usage is within recommended threshold: 16%
2026-04-13 00:30:34 CPU usage is within recommended threshold: 8%
2026-04-13 00:30:36 Network connectivity is poor.
2026-04-13 00:30:36 Process sshd is running.
2026-04-13 00:30:36 Process docker-init is running.
2026-04-13 00:30:36 Process dockerd is running.
2026-04-13 00:30:49 Disk usage is within recommended threshold: 33%
2026-04-13 00:30:49 Memory usage is within recommended threshold: 16%
2026-04-13 00:30:49 CPU usage is within recommended threshold: 12%
2026-04-13 00:30:51 Network connectivity is poor.
2026-04-13 00:30:51 Process sshd is running.
2026-04-13 00:30:51 Process docker-init is running.
2026-04-13 00:30:51 Process dockerd is running.
2026-04-13 00:31:00 Disk usage is within recommended threshold: 33%
2026-04-13 00:31:00 Memory usage is within recommended threshold: 16%
2026-04-13 00:31:00 CPU usage is within recommended threshold: 12%
2026-04-13 00:31:02 Network connectivity is poor.
2026-04-13 00:31:02 Process sshd is running.
2026-04-13 00:31:02 Process docker-init is running.
2026-04-13 00:31:02 Process dockerd is running.
